// Jest Snapshot v1, https://goo.gl/fbAQLP

exports[`<Player/> render the <Player/> with bunny video 1`] = `
<div
  class="player-styles__Container-lvhy7-0"
>
  <button
    class="player-styles__Button-lvhy7-4 hodxGF"
  >
    Play
  </button>
</div>
`;
