// Jest Snapshot v1, https://goo.gl/fbAQLP

exports[`<Footer/> render the <Footer/> with populated data 1`] = `
<div
  class="footer-styles__Container-din2po-0 kegwJL"
>
  <p
    class="footer-styles__Title-din2po-4 ejyUNG"
  >
    Got any Questions? Contact Us
     
  </p>
  <div
    class="footer-styles__Break-din2po-6 cXmjVh"
  >
     
  </div>
  <div
    class="footer-styles__Row-din2po-2 caRRDi"
  >
    <div
      class="footer-styles__Column-din2po-1 cPpnIn"
    >
      <a
        class="footer-styles__Link-din2po-3 dznqhf"
        href="#"
      >
        FAQ
         
      </a>
      <a
        class="footer-styles__Link-din2po-3 dznqhf"
        href="#"
      >
        Investor Relations
         
      </a>
      <a
        class="footer-styles__Link-din2po-3 dznqhf"
        href="#"
      >
        Ways to Watch
         
      </a>
      <a
        class="footer-styles__Link-din2po-3 dznqhf"
        href="#"
      >
        Corporate Information
         
      </a>
      <a
        class="footer-styles__Link-din2po-3 dznqhf"
        href="#"
      >
        Netflix Originals
         
      </a>
       
    </div>
    <div
      class="footer-styles__Column-din2po-1 cPpnIn"
    >
      <a
        class="footer-styles__Link-din2po-3 dznqhf"
        href="#"
      >
        Help Center
         
      </a>
      <a
        class="footer-styles__Link-din2po-3 dznqhf"
        href="#"
      >
        Jobs
         
      </a>
      <a
        class="footer-styles__Link-din2po-3 dznqhf"
        href="#"
      >
        Terms of Use
         
      </a>
      <a
        class="footer-styles__Link-din2po-3 dznqhf"
        href="#"
      >
        Contact Us
         
      </a>
       
    </div>
    <div
      class="footer-styles__Column-din2po-1 cPpnIn"
    >
      <a
        class="footer-styles__Link-din2po-3 dznqhf"
        href="#"
      >
        Account
         
      </a>
      <a
        class="footer-styles__Link-din2po-3 dznqhf"
        href="#"
      >
        Redeem Gift Cards
         
      </a>
      <a
        class="footer-styles__Link-din2po-3 dznqhf"
        href="#"
      >
        Privacy
         
      </a>
      <a
        class="footer-styles__Link-din2po-3 dznqhf"
        href="#"
      >
        Speed Test
         
      </a>
       
    </div>
    <div
      class="footer-styles__Column-din2po-1 cPpnIn"
    >
      <a
        class="footer-styles__Link-din2po-3 dznqhf"
        href="#"
      >
        Media Center
         
      </a>
      <a
        class="footer-styles__Link-din2po-3 dznqhf"
        href="#"
      >
        Buy Gift Cards
         
      </a>
      <a
        class="footer-styles__Link-din2po-3 dznqhf"
        href="#"
      >
        Cookie Preferences
         
      </a>
      <a
        class="footer-styles__Link-din2po-3 dznqhf"
        href="#"
      >
        Legal Notices
         
      </a>
       
    </div>
     
  </div>
  <div
    class="footer-styles__Break-din2po-6 cXmjVh"
  >
     
  </div>
  <p
    class="footer-styles__Text-din2po-5 cXnhZj"
  >
    Netflix India
     
  </p>
</div>
`;
