// Jest Snapshot v1, https://goo.gl/fbAQLP

exports[`<Form /> renders the <Form /> with an error 1`] = `
<div
  class="form-styles__Container-sc-1u7ce2f-0 bouqA-d"
>
  <div
    class="form-styles__Error-sc-1u7ce2f-1 JzSUj"
  >
    Your email address is already being used
     
  </div>
  <button
    class="form-styles__Submit-sc-1u7ce2f-8 fwoJLz"
    type="submit"
  >
    Sign In
     
  </button>
</div>
`;
