// Jest Snapshot v1, https://goo.gl/fbAQLP

exports[`<OptForm /> renders the <OptForm /> with populated data 1`] = `
<div
  class="opt-form-styles__Container-sc-3kbtpo-0 nEDXC"
>
  <input
    class="opt-form-styles__Input-sc-3kbtpo-1 hPsxZp"
    placeholder="Email address"
  />
  <button
    class="opt-form-styles__Button-sc-3kbtpo-3 fliCSX"
  >
    Try it now
     
    <img
      alt="Try Now"
      src="/images/icons/chevron-right.png"
    />
  </button>
  <div
    class="opt-form-styles__Break-sc-3kbtpo-2 jEmASa"
  />
  <p
    class="opt-form-styles__Text-sc-3kbtpo-4 faajnz"
  >
    Ready to watch? Enter your email to create or restart your membership.
  </p>
</div>
`;
